אוק׳ 10, 2024 2:24:44 אחה״צ Extentions.DemoStoreExtentions WriteToLog
INFO: BeforeEach
אוק׳ 10, 2024 2:26:20 אחה״צ Extentions.DemoStoreExtentions WriteToLog
INFO: Test 'PurchaseTwoRandomProducts_04()' was successful.
